
Allocating common symbols
Common symbol       size              file

SHT_NAME            0x50              elfsplitter.o

Memory Configuration

Name             Origin             Length             Attributes
*default*        0x0000000000000000 0xffffffffffffffff

Linker script and memory map

                0x0000000000000000                . = 0x0

.start          0x0000000000000000      0x174
 start*(.text)
 .text          0x0000000000000000      0x174 start.o
                0x0000000000000000                start
                0x0000000000000040                _jump_to_program
                0x0000000000000088                _core_status

.text           0x0000000000000174     0x17ec
 *(.text)
 .text          0x0000000000000174      0x5fc boot-loader-serial.o
                0x0000000000000174                printm
                0x0000000000000188                print_spaces
                0x00000000000001b0                print_help
                0x00000000000002d0                load_run
                0x000000000000040c                get_hex
                0x00000000000004d4                get_address_data
                0x000000000000051c                parse
 .text          0x0000000000000770       0x50 crc16.o
                0x0000000000000770                crc16_ccitt
 .text          0x00000000000007c0      0x290 xmodem.o
                0x00000000000007d8                xmodemReceive
 .text          0x0000000000000a50      0x140 elfsplitter.o
                0x0000000000000a50                elfsplitter
 .text          0x0000000000000b90      0x45c ../mini-libc/printf.o
                0x0000000000000b90                outbyte
                0x0000000000000bb8                prints
                0x0000000000000c8c                printi
                0x0000000000000dc8                print
                0x0000000000000f8c                sprintf
                0x0000000000000fbc                printf
 .text          0x0000000000000fec      0x480 ../mini-libc/libc_asm.o
                0x0000000000000fec                _testfail
                0x0000000000000ff8                _testpass
                0x0000000000001008                _outbyte
                0x0000000000001028                _inbyte
                0x0000000000001058                __aeabi_idiv
                0x0000000000001058                _div
                0x00000000000010dc                strcpy
                0x00000000000011e0                strcmp
                0x00000000000013d8                init_malloc
                0x00000000000013e4                malloc
                0x00000000000013f8                strncpy
                0x000000000000141c                strncmp
 .text          0x000000000000146c      0x4f4 ../mini-libc/memcpy.o
                0x000000000000146c                memcpy

.glue_7         0x0000000000001960        0x0
 .glue_7        0x0000000000000000        0x0 linker stubs

.glue_7t        0x0000000000001960        0x0
 .glue_7t       0x0000000000000000        0x0 linker stubs

.vfp11_veneer   0x0000000000001960        0x0
 .vfp11_veneer  0x0000000000000000        0x0 linker stubs

.v4_bx          0x0000000000001960        0x0
 .v4_bx         0x0000000000000000        0x0 linker stubs

.text.startup   0x0000000000001960      0x180
 .text.startup  0x0000000000001960      0x180 boot-loader-serial.o
                0x0000000000001960                main

.iplt           0x0000000000001ae0        0x0
 .iplt          0x0000000000000000        0x0 boot-loader-serial.o

.rodata         0x0000000000001ae0      0x200
 *(.rodata)
 .rodata        0x0000000000001ae0      0x200 crc16.o

.rodata.str1.1  0x0000000000001ce0      0x26f
 .rodata.str1.1
                0x0000000000001ce0      0x214 boot-loader-serial.o
                                        0x21f (size before relaxing)
 .rodata.str1.1
                0x0000000000001ef4       0x54 elfsplitter.o
 .rodata.str1.1
                0x0000000000001f48        0x7 ../mini-libc/printf.o

.rel.dyn        0x0000000000001f50        0x0
 .rel.iplt      0x0000000000000000        0x0 boot-loader-serial.o

.data           0x0000000000001f4f        0x0
 *(.data)
 .data          0x0000000000001f4f        0x0 boot-loader-serial.o
 .data          0x0000000000001f4f        0x0 start.o
 .data          0x0000000000001f4f        0x0 crc16.o
 .data          0x0000000000001f4f        0x0 xmodem.o
 .data          0x0000000000001f4f        0x0 elfsplitter.o
 .data          0x0000000000001f4f        0x0 ../mini-libc/printf.o
 .data          0x0000000000001f4f        0x0 ../mini-libc/libc_asm.o
 .data          0x0000000000001f4f        0x0 ../mini-libc/memcpy.o

.igot.plt       0x0000000000001f50        0x0
 .igot.plt      0x0000000000000000        0x0 boot-loader-serial.o

.bss            0x0000000000001f4f       0x50
 *(.bss)
 .bss           0x0000000000001f4f        0x0 boot-loader-serial.o
 .bss           0x0000000000001f4f        0x0 start.o
 .bss           0x0000000000001f4f        0x0 crc16.o
 .bss           0x0000000000001f4f        0x0 xmodem.o
 .bss           0x0000000000001f4f        0x0 elfsplitter.o
 .bss           0x0000000000001f4f        0x0 ../mini-libc/printf.o
 .bss           0x0000000000001f4f        0x0 ../mini-libc/libc_asm.o
 .bss           0x0000000000001f4f        0x0 ../mini-libc/memcpy.o
 COMMON         0x0000000000001f4f       0x50 elfsplitter.o
                0x0000000000001f4f                SHT_NAME

.stack          0x0000000000001f9f        0x0
                0x0000000000001f9f                __stack = .
LOAD boot-loader-serial.o
LOAD start.o
LOAD crc16.o
LOAD xmodem.o
LOAD elfsplitter.o
LOAD ../mini-libc/printf.o
LOAD ../mini-libc/libc_asm.o
LOAD ../mini-libc/memcpy.o
OUTPUT(boot-loader-serial.elf elf32-littlearm)

.comment        0x0000000000000000       0x1f
 .comment       0x0000000000000000       0x1f boot-loader-serial.o
                                         0x20 (size before relaxing)
 .comment       0x0000000000000000       0x20 crc16.o
 .comment       0x0000000000000000       0x20 xmodem.o
 .comment       0x0000000000000000       0x20 elfsplitter.o
 .comment       0x0000000000000000       0x20 ../mini-libc/printf.o
 .comment       0x0000000000000000       0x20 ../mini-libc/memcpy.o

.ARM.attributes
                0x0000000000000000       0x26
 .ARM.attributes
                0x0000000000000000       0x28 boot-loader-serial.o
 .ARM.attributes
                0x0000000000000028       0x14 start.o
 .ARM.attributes
                0x000000000000003c       0x28 crc16.o
 .ARM.attributes
                0x0000000000000064       0x28 xmodem.o
 .ARM.attributes
                0x000000000000008c       0x28 elfsplitter.o
 .ARM.attributes
                0x00000000000000b4       0x28 ../mini-libc/printf.o
 .ARM.attributes
                0x00000000000000dc       0x14 ../mini-libc/libc_asm.o
 .ARM.attributes
                0x00000000000000f0       0x28 ../mini-libc/memcpy.o
